[
    {
        "_id": {
            "$oid": "5f9d88a9c7c6d3001f6b5b1e"
        },
        "name": "Juan",
        "email": "juan@mail.com",
        "phone": "2104949"
    },
    {
        "_id": {
            "$oid": "5f9d88a9c7c6d3001f6b5b1f"
        },
        "name": "Pedro",
        "email": "pedro@mail.com",
        "phone": "2104948"
    },
    {
        "_id": {
            "$oid": "5f9d88a9c7c6d3001f6b5b20"
        },
        "name": "Maria",
        "email": "maria@mail.com",
        "phone": "2104947"
    }
]