{
    "sin_clasificar": [3, 5, 5, 6, 8, 3, 4, 4, 7, 7, 1, 1, 2],
    "clasificados": [1, 2, 3, 4, 5, 6, 7, 8, 5, 3, 4, 7, 1]
}